This is pdfTeX, Version 3.141592653-2.6-1.40.29 (TeX Live 2026) (preloaded format=pdflatex 2026.5.14)  23 MAY 2026 19:37
entering extended mode
 restricted \write18 enabled.
 file:line:error style messages enabled.
 %&-line parsing enabled.
**/Users/philippcremer/Macro-term-paper/paper/ecb_paper_analysis.tex
(/Users/philippcremer/Macro-term-paper/paper/ecb_paper_analysis.tex
LaTeX2e <2025-11-01>
L3 programming layer <2026-01-19>
(/usr/local/texlive/2026/texmf-dist/tex/latex/base/article.cls
Document Class: article 2025/01/22 v1.4n Standard LaTeX document class
(/usr/local/texlive/2026/texmf-dist/tex/latex/base/size10.clo
File: size10.clo 2025/01/22 v1.4n Standard LaTeX file (size option)
)
\c@part=\count275
\c@section=\count276
\c@subsection=\count277
\c@subsubsection=\count278
\c@paragraph=\count279
\c@subparagraph=\count280
\c@figure=\count281
\c@table=\count282
\abovecaptionskip=\skip49
\belowcaptionskip=\skip50
\bibindent=\dimen148
) (/usr/local/texlive/2026/texmf-dist/tex/latex/booktabs/booktabs.sty
Package: booktabs 2020/01/12 v1.61803398 Publication quality tables
\heavyrulewidth=\dimen149
\lightrulewidth=\dimen150
\cmidrulewidth=\dimen151
\belowrulesep=\dimen152
\belowbottomsep=\dimen153
\aboverulesep=\dimen154
\abovetopsep=\dimen155
\cmidrulesep=\dimen156
\cmidrulekern=\dimen157
\defaultaddspace=\dimen158
\@cmidla=\count283
\@cmidlb=\count284
\@aboverulesep=\dimen159
\@belowrulesep=\dimen160
\@thisruleclass=\count285
\@lastruleclass=\count286
\@thisrulewidth=\dimen161
) (/usr/local/texlive/2026/texmf-dist/tex/latex/geometry/geometry.sty
Package: geometry 2026/03/07 v6.0 Page Geometry
 (/usr/local/texlive/2026/texmf-dist/tex/latex/graphics/keyval.sty
Package: keyval 2022/05/29 v1.15 key=value parser (DPC)
\KV@toks@=\toks17
) (/usr/local/texlive/2026/texmf-dist/tex/generic/iftex/ifvtex.sty
Package: ifvtex 2019/10/25 v1.7 ifvtex legacy package. Use iftex instead.
 (/usr/local/texlive/2026/texmf-dist/tex/generic/iftex/iftex.sty
Package: iftex 2024/12/12 v1.0g TeX engine tests
))
\Gm@cnth=\count287
\Gm@cntv=\count288
\c@Gm@tempcnt=\count289
\Gm@bindingoffset=\dimen162
\Gm@wd@mp=\dimen163
\Gm@odd@mp=\dimen164
\Gm@even@mp=\dimen165
\Gm@layoutwidth=\dimen166
\Gm@layoutheight=\dimen167
\Gm@layouthoffset=\dimen168
\Gm@layoutvoffset=\dimen169
\Gm@dimlist=\toks18
) (/usr/local/texlive/2026/texmf-dist/tex/latex/graphics/graphicx.sty
Package: graphicx 2024/12/31 v1.2e Enhanced LaTeX Graphics (DPC,SPQR)
 (/usr/local/texlive/2026/texmf-dist/tex/latex/graphics/graphics.sty
Package: graphics 2024/08/06 v1.4g Standard LaTeX Graphics (DPC,SPQR)
 (/usr/local/texlive/2026/texmf-dist/tex/latex/graphics/trig.sty
Package: trig 2023/12/02 v1.11 sin cos tan (DPC)
) (/usr/local/texlive/2026/texmf-dist/tex/latex/graphics-cfg/graphics.cfg
File: graphics.cfg 2016/06/04 v1.11 sample graphics configuration
)
Package graphics Info: Driver file: pdftex.def on input line 106.
 (/usr/local/texlive/2026/texmf-dist/tex/latex/graphics-def/pdftex.def
File: pdftex.def 2025/09/29 v1.2d Graphics/color driver for pdftex
))
\Gin@req@height=\dimen170
\Gin@req@width=\dimen171
) (/usr/local/texlive/2026/texmf-dist/tex/latex/eurosym/eurosym.sty
Package: eurosym 1998/08/06 v1.1 European currency symbol ``Euro''
\@eurobox=\box53
) (/usr/local/texlive/2026/texmf-dist/tex/latex/hyperref/hyperref.sty
Package: hyperref 2026-01-29 v7.01p Hypertext links for LaTeX
 (/usr/local/texlive/2026/texmf-dist/tex/latex/kvsetkeys/kvsetkeys.sty
Package: kvsetkeys 2022-10-05 v1.19 Key value parser (HO)
) (/usr/local/texlive/2026/texmf-dist/tex/generic/kvdefinekeys/kvdefinekeys.sty
Package: kvdefinekeys 2019-12-19 v1.6 Define keys (HO)
) (/usr/local/texlive/2026/texmf-dist/tex/generic/pdfescape/pdfescape.sty
Package: pdfescape 2019/12/09 v1.15 Implements pdfTeX's escape features (HO)
 (/usr/local/texlive/2026/texmf-dist/tex/generic/ltxcmds/ltxcmds.sty
Package: ltxcmds 2023-12-04 v1.26 LaTeX kernel commands for general use (HO)
) (/usr/local/texlive/2026/texmf-dist/tex/generic/pdftexcmds/pdftexcmds.sty
Package: pdftexcmds 2020-06-27 v0.33 Utility functions of pdfTeX for LuaTeX (HO)
 (/usr/local/texlive/2026/texmf-dist/tex/generic/infwarerr/infwarerr.sty
Package: infwarerr 2019/12/03 v1.5 Providing info/warning/error messages (HO)
)
Package pdftexcmds Info: \pdf@primitive is available.
Package pdftexcmds Info: \pdf@ifprimitive is available.
Package pdftexcmds Info: \pdfdraftmode found.
)) (/usr/local/texlive/2026/texmf-dist/tex/latex/hycolor/hycolor.sty
Package: hycolor 2020-01-27 v1.10 Color options for hyperref/bookmark (HO)
) (/usr/local/texlive/2026/texmf-dist/tex/latex/hyperref/nameref.sty
Package: nameref 2026-01-29 v2.58 Cross-referencing by name of section
 (/usr/local/texlive/2026/texmf-dist/tex/latex/refcount/refcount.sty
Package: refcount 2019/12/15 v3.6 Data extraction from label references (HO)
) (/usr/local/texlive/2026/texmf-dist/tex/generic/gettitlestring/gettitlestring.sty
Package: gettitlestring 2019/12/15 v1.6 Cleanup title references (HO)
 (/usr/local/texlive/2026/texmf-dist/tex/latex/kvoptions/kvoptions.sty
Package: kvoptions 2022-06-15 v3.15 Key value format for package options (HO)
))
\c@section@level=\count290
) (/usr/local/texlive/2026/texmf-dist/tex/latex/etoolbox/etoolbox.sty
Package: etoolbox 2025/10/02 v2.5m e-TeX tools for LaTeX (JAW)
\etb@tempcnta=\count291
) (/usr/local/texlive/2026/texmf-dist/tex/generic/stringenc/stringenc.sty
Package: stringenc 2019/11/29 v1.12 Convert strings between diff. encodings (HO)
)
\@linkdim=\dimen172
\Hy@linkcounter=\count292
\Hy@pagecounter=\count293
 (/usr/local/texlive/2026/texmf-dist/tex/latex/hyperref/pd1enc.def
File: pd1enc.def 2026-01-29 v7.01p Hyperref: PDFDocEncoding definition (HO)
Now handling font encoding PD1 ...
... no UTF-8 mapping file for font encoding PD1
) (/usr/local/texlive/2026/texmf-dist/tex/generic/intcalc/intcalc.sty
Package: intcalc 2019/12/15 v1.3 Expandable calculations with integers (HO)
)
\Hy@SavedSpaceFactor=\count294
 (/usr/local/texlive/2026/texmf-dist/tex/latex/hyperref/puenc.def
File: puenc.def 2026-01-29 v7.01p Hyperref: PDF Unicode definition (HO)
Now handling font encoding PU ...
... no UTF-8 mapping file for font encoding PU
)
Package hyperref Info: Hyper figures OFF on input line 4201.
Package hyperref Info: Link nesting OFF on input line 4206.
Package hyperref Info: Hyper index ON on input line 4209.
Package hyperref Info: Plain pages OFF on input line 4216.
Package hyperref Info: Backreferencing OFF on input line 4221.
Package hyperref Info: Implicit mode ON; LaTeX internals redefined.
Package hyperref Info: Bookmarks ON on input line 4468.
\c@Hy@tempcnt=\count295
 (/usr/local/texlive/2026/texmf-dist/tex/latex/url/url.sty
\Urlmuskip=\muskip17
Package: url 2013/09/16  ver 3.4  Verb mode for urls, etc.
)
LaTeX Info: Redefining \url on input line 4807.
\XeTeXLinkMargin=\dimen173
 (/usr/local/texlive/2026/texmf-dist/tex/generic/bitset/bitset.sty
Package: bitset 2019/12/09 v1.3 Handle bit-vector datatype (HO)
 (/usr/local/texlive/2026/texmf-dist/tex/generic/bigintcalc/bigintcalc.sty
Package: bigintcalc 2019/12/15 v1.5 Expandable calculations on big integers (HO)
))
\Fld@menulength=\count296
\Field@Width=\dimen174
\Fld@charsize=\dimen175
Package hyperref Info: Hyper figures OFF on input line 6084.
Package hyperref Info: Link nesting OFF on input line 6089.
Package hyperref Info: Hyper index ON on input line 6092.
Package hyperref Info: backreferencing OFF on input line 6099.
Package hyperref Info: Link coloring OFF on input line 6104.
Package hyperref Info: Link coloring with OCG OFF on input line 6109.
Package hyperref Info: PDF/A mode OFF on input line 6114.
\Hy@abspage=\count297
\c@Item=\count298
\c@Hfootnote=\count299
)
Package hyperref Info: Driver (autodetected): hpdftex.
 (/usr/local/texlive/2026/texmf-dist/tex/latex/hyperref/hpdftex.def
File: hpdftex.def 2026-01-29 v7.01p Hyperref driver for pdfTeX
\Fld@listcount=\count300
\c@bookmark@seq@number=\count301
 (/usr/local/texlive/2026/texmf-dist/tex/latex/rerunfilecheck/rerunfilecheck.sty
Package: rerunfilecheck 2025-06-21 v1.11 Rerun checks for auxiliary files (HO)
 (/usr/local/texlive/2026/texmf-dist/tex/generic/uniquecounter/uniquecounter.sty
Package: uniquecounter 2019/12/15 v1.4 Provide unlimited unique counter (HO)
)
Package uniquecounter Info: New unique counter `rerunfilecheck' on input line 284.
)
\Hy@SectionHShift=\skip51
) (/usr/local/texlive/2026/texmf-dist/tex/latex/l3backend/l3backend-pdftex.def
File: l3backend-pdftex.def 2025-10-09 L3 backend support: PDF output (pdfTeX)
\l__color_backend_stack_int=\count302
)
No file ecb_paper_analysis.aux.
\openout1 = `ecb_paper_analysis.aux'.

LaTeX Font Info:    Checking defaults for OML/cmm/m/it on input line 11.
LaTeX Font Info:    ... okay on input line 11.
LaTeX Font Info:    Checking defaults for OMS/cmsy/m/n on input line 11.
LaTeX Font Info:    ... okay on input line 11.
LaTeX Font Info:    Checking defaults for OT1/cmr/m/n on input line 11.
LaTeX Font Info:    ... okay on input line 11.
LaTeX Font Info:    Checking defaults for T1/cmr/m/n on input line 11.
LaTeX Font Info:    ... okay on input line 11.
LaTeX Font Info:    Checking defaults for TS1/cmr/m/n on input line 11.
LaTeX Font Info:    ... okay on input line 11.
LaTeX Font Info:    Checking defaults for OMX/cmex/m/n on input line 11.
LaTeX Font Info:    ... okay on input line 11.
LaTeX Font Info:    Checking defaults for U/cmr/m/n on input line 11.
LaTeX Font Info:    ... okay on input line 11.
LaTeX Font Info:    Checking defaults for PD1/pdf/m/n on input line 11.
LaTeX Font Info:    ... okay on input line 11.
LaTeX Font Info:    Checking defaults for PU/pdf/m/n on input line 11.
LaTeX Font Info:    ... okay on input line 11.
*geometry* driver: auto-detecting
*geometry* detected driver: pdftex
*geometry* verbose mode - [ preamble ] result:
* driver: pdftex
* paper: <default>
* layout: <same size as paper>
* layoutoffset:(h,v)=(0.0pt,0.0pt)
* modes: 
* h-part:(L,W,R)=(72.26999pt, 469.75502pt, 72.26999pt)
* v-part:(T,H,B)=(72.26999pt, 650.43001pt, 72.26999pt)
* \paperwidth=614.295pt
* \paperheight=794.96999pt
* \textwidth=469.75502pt
* \textheight=650.43001pt
* \oddsidemargin=0.0pt
* \evensidemargin=0.0pt
* \topmargin=-37.0pt
* \headheight=12.0pt
* \headsep=25.0pt
* \topskip=10.0pt
* \footskip=30.0pt
* \marginparwidth=65.0pt
* \marginparsep=11.0pt
* \columnsep=10.0pt
* \skip\footins=9.0pt plus 4.0pt minus 2.0pt
* \hoffset=0.0pt
* \voffset=0.0pt
* \mag=1000
* \@twocolumnfalse
* \@twosidefalse
* \@mparswitchfalse
* \@reversemarginfalse
* (1in=72.27pt=25.4mm, 1cm=28.453pt)

(/usr/local/texlive/2026/texmf-dist/tex/context/base/mkii/supp-pdf.mkii
[Loading MPS to PDF converter (version 2006.09.02).]
\scratchcounter=\count303
\scratchdimen=\dimen176
\scratchbox=\box54
\nofMPsegments=\count304
\nofMParguments=\count305
\everyMPshowfont=\toks19
\MPscratchCnt=\count306
\MPscratchDim=\dimen177
\MPnumerator=\count307
\makeMPintoPDFobject=\count308
\everyMPtoPDFconversion=\toks20
) (/usr/local/texlive/2026/texmf-dist/tex/latex/epstopdf-pkg/epstopdf-base.sty
Package: epstopdf-base 2020-01-24 v2.11 Base part for package epstopdf
Package epstopdf-base Info: Redefining graphics rule for `.eps' on input line 485.
 (/usr/local/texlive/2026/texmf-dist/tex/latex/latexconfig/epstopdf-sys.cfg
File: epstopdf-sys.cfg 2010/07/13 v1.3 Configuration of (r)epstopdf for TeX Live
))
Package hyperref Info: Link coloring OFF on input line 11.
\@outlinefile=\write3
\openout3 = `ecb_paper_analysis.out'.

LaTeX Font Info:    External font `cmex10' loaded for size
(Font)              <12> on input line 13.
LaTeX Font Info:    External font `cmex10' loaded for size
(Font)              <8> on input line 13.
LaTeX Font Info:    External font `cmex10' loaded for size
(Font)              <6> on input line 13.


LaTeX Warning: No \author given.


LaTeX Warning: Reference `fig:ewn_ehb' on page 1 undefined on input line 19.

<../output/ehb_mean_extended_1975_2024_4groups.png, id=4, 505.89pt x 325.215pt>
File: ../output/ehb_mean_extended_1975_2024_4groups.png Graphic file (type png)
<use ../output/ehb_mean_extended_1975_2024_4groups.png>
Package pdftex.def Info: ../output/ehb_mean_extended_1975_2024_4groups.png  used on input line 28.
(pdftex.def)             Requested size: 422.77664pt x 271.78926pt.
<../output/equity_home_bias_five_series.png, id=5, 433.62pt x 252.945pt>
File: ../output/equity_home_bias_five_series.png Graphic file (type png)
<use ../output/equity_home_bias_five_series.png>
Package pdftex.def Info: ../output/equity_home_bias_five_series.png  used on input line 35.
(pdftex.def)             Requested size: 422.77664pt x 246.63388pt.

LaTeX Warning: Citation `beck2024' on page 1 undefined on input line 52.

[1

{/usr/local/texlive/2026/texmf-var/fonts/map/pdftex/updmap/pdftex.map} <../output/ehb_mean_extended_1975_2024_4groups.png>]

LaTeX Warning: Citation `beck2024' on page 2 undefined on input line 86.


LaTeX Warning: Citation `beck2024' on page 2 undefined on input line 89.

[2 <../output/equity_home_bias_five_series.png>]

LaTeX Warning: Citation `beck2024' on page 3 undefined on input line 104.


LaTeX Warning: Citation `beck2024' on page 3 undefined on input line 113.


LaTeX Warning: Reference `fig:lux_ownership' on page 3 undefined on input line 119.


LaTeX Warning: Reference `fig:lux_ownership_levels' on page 3 undefined on input line 128.

<../output/lux_fund_ownership_shares.png, id=26, 505.89pt x 325.215pt>
File: ../output/lux_fund_ownership_shares.png Graphic file (type png)
<use ../output/lux_fund_ownership_shares.png>
Package pdftex.def Info: ../output/lux_fund_ownership_shares.png  used on input line 135.
(pdftex.def)             Requested size: 422.77664pt x 271.78926pt.
<../output/lux_fund_ownership_levels.png, id=27, 505.89pt x 325.215pt>
File: ../output/lux_fund_ownership_levels.png Graphic file (type png)
<use ../output/lux_fund_ownership_levels.png>
Package pdftex.def Info: ../output/lux_fund_ownership_levels.png  used on input line 145.
(pdftex.def)             Requested size: 422.77664pt x 271.78926pt.

LaTeX Warning: Reference `fig:irl_lux_panel' on page 3 undefined on input line 151.


LaTeX Warning: Citation `beck2024' on page 3 undefined on input line 157.

<../output/irl_lux_fund_ownership_shares.png, id=28, 650.43pt x 325.215pt>
File: ../output/irl_lux_fund_ownership_shares.png Graphic file (type png)
<use ../output/irl_lux_fund_ownership_shares.png>
Package pdftex.def Info: ../output/irl_lux_fund_ownership_shares.png  used on input line 163.
(pdftex.def)             Requested size: 446.26582pt x 223.13814pt.

LaTeX Warning: Citation `beck2024' on page 3 undefined on input line 175.


LaTeX Warning: Reference `fig:realloc_deu' on page 3 undefined on input line 180.


LaTeX Warning: Reference `fig:realloc_fra' on page 3 undefined on input line 189.


LaTeX Warning: Reference `fig:realloc_bel' on page 3 undefined on input line 190.

<../output/reallocation_deu.png, id=29, 505.89pt x 325.215pt>
File: ../output/reallocation_deu.png Graphic file (type png)
<use ../output/reallocation_deu.png>
Package pdftex.def Info: ../output/reallocation_deu.png  used on input line 195.
(pdftex.def)             Requested size: 399.29463pt x 256.69373pt.
<../output/reallocation_fra.png, id=30, 505.89pt x 325.215pt>
File: ../output/reallocation_fra.png Graphic file (type png)
<use ../output/reallocation_fra.png>
Package pdftex.def Info: ../output/reallocation_fra.png  used on input line 203.
(pdftex.def)             Requested size: 399.29463pt x 256.69373pt.
<../output/reallocation_bel.png, id=31, 505.89pt x 325.215pt>
File: ../output/reallocation_bel.png Graphic file (type png)
<use ../output/reallocation_bel.png>
Package pdftex.def Info: ../output/reallocation_bel.png  used on input line 211.
(pdftex.def)             Requested size: 399.29463pt x 256.69373pt.

LaTeX Warning: Reference `fig:net_realloc_deu' on page 3 undefined on input line 221.

[3] [4 <../output/lux_fund_ownership_shares.png> <../output/lux_fund_ownership_levels.png>] [5 <../output/irl_lux_fund_ownership_shares.png> <../output/reallocation_deu.png>] [6 <../output/reallocation_fra.png> <../output/reallocation_bel.png>]
<../output/net_reallocation_deu.png, id=59, 505.89pt x 325.215pt>
File: ../output/net_reallocation_deu.png Graphic file (type png)
<use ../output/net_reallocation_deu.png>
Package pdftex.def Info: ../output/net_reallocation_deu.png  used on input line 237.
(pdftex.def)             Requested size: 399.29463pt x 256.69373pt.
<../output/net_reallocation_fra.png, id=60, 505.89pt x 325.215pt>
File: ../output/net_reallocation_fra.png Graphic file (type png)
<use ../output/net_reallocation_fra.png>
Package pdftex.def Info: ../output/net_reallocation_fra.png  used on input line 247.
(pdftex.def)             Requested size: 399.29463pt x 256.69373pt.


LaTeX Warning: Reference `fig:ehb_groups' on page 7 undefined on input line 260.


LaTeX Warning: Reference `fig:ehb_ea_aggregate' on page 7 undefined on input line 260.


LaTeX Warning: Reference `fig:net_realloc_deu' on page 7 undefined on input line 277.

[7 <../output/net_reallocation_deu.png>]

LaTeX Warning: Reference `fig:lux_ownership' on page 8 undefined on input line 303.


LaTeX Warning: Citation `sorensen2007' on page 8 undefined on input line 312.


LaTeX Warning: Citation `draghi2024' on page 8 undefined on input line 321.

)
! Emergency stop.
<*> ...cro-term-paper/paper/ecb_paper_analysis.tex
                                                  
*** (job aborted, no legal \end found)

 
Here is how much of TeX's memory you used:
 9115 strings out of 467525
 143229 string characters out of 5418982
 567990 words of memory out of 5000000
 37929 multiletter control sequences out of 15000+600000
 632439 words of font info for 56 fonts, out of 8000000 for 9000
 1141 hyphenation exceptions out of 8191
 75i,6n,79p,309b,448s stack positions out of 10000i,1000n,20000p,200000b,200000s
!  ==> Fatal error occurred, no output PDF file produced!
