\BOOKMARK [1][-]{section.1}{\376\377\000I\000n\000t\000r\000o\000d\000u\000c\000t\000i\000o\000n}{}% 1
\BOOKMARK [1][-]{section.2}{\376\377\000R\000e\000p\000l\000i\000c\000a\000t\000i\000o\000n\000\040\000o\000f\000\040\000m\000a\000i\000n}{}% 2
\BOOKMARK [2][-]{subsection.2.1}{\376\377\000E\000q\000u\000i\000t\000y\000\040\000h\000o\000m\000e\000\040\000b\000i\000a\000s}{section.2}% 3
\BOOKMARK [2][-]{subsection.2.2}{\376\377\000C\000r\000o\000s\000s\000-\000S\000e\000c\000t\000i\000o\000n\000\040\000R\000i\000s\000k\000\040\000S\000h\000a\000r\000i\000n\000g\000\040\000a\000n\000d\000\040\000f\000i\000r\000s\000t\000\040\000r\000e\000p\000l\000i\000c\000a\000t\000i\000o\000n\000\040\000r\000e\000s\000u\000l\000t}{section.2}% 4
\BOOKMARK [2][-]{subsection.2.3}{\376\377\000R\000e\000p\000l\000i\000c\000a\000t\000i\000o\000n\000\040\000i\000s\000s\000u\000e\000s\000\040\000i\000n\000\040\000C\000r\000o\000s\000s\000\040\000S\000e\000c\000t\000i\000o\000n\000\040\000R\000i\000s\000k\000\040\000S\000h\000a\000r\000i\000n\000g}{section.2}% 5
\BOOKMARK [2][-]{subsection.2.4}{\376\377\000P\000a\000n\000e\000l\000-\000D\000a\000t\000a\000\040\000R\000e\000g\000r\000e\000s\000s\000i\000o\000n\000s}{section.2}% 6
\BOOKMARK [3][-]{subsubsection.2.4.1}{\376\377\000T\000h\000e\000o\000r\000e\000t\000i\000c\000a\000l\000\040\000o\000u\000t\000l\000i\000n\000e}{subsection.2.4}% 7
\BOOKMARK [3][-]{subsubsection.2.4.2}{\376\377\000E\000m\000p\000i\000r\000i\000c\000a\000l\000\040\000r\000e\000s\000u\000l\000t\000s}{subsection.2.4}% 8
\BOOKMARK [1][-]{section.3}{\376\377\000E\000x\000t\000e\000n\000s\000i\000o\000n\000s\000\040\000b\000y\000\040\000T\000i\000m\000e\000\040\000a\000n\000d\000\040\000S\000a\000m\000p\000l\000e\000\040\000S\000i\000z\000e}{}% 9
\BOOKMARK [1][-]{section.4}{\376\377\000C\000a\000s\000e\000\040\000S\000t\000u\000d\000y\000\040\000E\000u\000r\000o\000\040\000A\000r\000e\000a}{}% 10
\BOOKMARK [2][-]{subsection.4.1}{\376\377\000C\000a\000s\000e\000\040\000S\000t\000u\000d\000y\000\040\000E\000u\000r\000o\000\040\000A\000r\000e\000a\000:\000\040\000P\000a\000n\000e\000l\000\040\000R\000e\000g\000r\000e\000s\000s\000i\000o\000n}{section.4}% 11
\BOOKMARK [2][-]{subsection.4.2}{\376\377\000C\000a\000s\000e\000\040\000S\000t\000u\000d\000y\000\040\000E\000u\000r\000o\000\040\000A\000r\000e\000a\000:\000\040\000E\000q\000u\000i\000t\000y\000\040\000h\000o\000m\000e\000\040\000b\000i\000a\000s}{section.4}% 12
\BOOKMARK [3][-]{subsubsection.4.2.1}{\376\377\000F\000i\000n\000a\000n\000c\000i\000a\000l\000\040\000C\000e\000n\000t\000e\000r\000s\000\040\000i\000n\000\040\000E\000u\000r\000o\000p\000e}{subsection.4.2}% 13
\BOOKMARK [3][-]{subsubsection.4.2.2}{\376\377\000D\000a\000t\000a\000\040\000A\000n\000a\000l\000y\000s\000i\000s}{subsection.4.2}% 14
\BOOKMARK [3][-]{subsubsection.4.2.3}{\376\377\000H\000o\000m\000e\000\040\000b\000i\000a\000s\000\040\000T\000r\000a\000j\000e\000c\000t\000o\000r\000y}{subsection.4.2}% 15
\BOOKMARK [2][-]{subsection.4.3}{\376\377\000C\000a\000s\000e\000\040\000S\000t\000u\000d\000y\000\040\000E\000u\000r\000o\000\040\000A\000r\000e\000a\000:\000\040\000R\000i\000s\000k\000\040\000S\000h\000a\000r\000i\000n\000g}{section.4}% 16
\BOOKMARK [1][-]{section.5}{\376\377\000C\000o\000n\000c\000l\000u\000s\000i\000o\000n}{}% 17
\BOOKMARK [1][-]{section*.12}{\376\377\000A\000p\000p\000e\000n\000d\000i\000c\000e\000s}{}% 18
\BOOKMARK [1][-]{appendix.1.A}{\376\377\000A\000p\000p\000e\000n\000d\000i\000x\000\040\000A\000:\000\040\000R\000e\000p\000l\000i\000c\000a\000t\000i\000o\000n}{}% 19
\BOOKMARK [2][-]{subsection.1.A.1}{\376\377\000A\000p\000p\000e\000n\000d\000i\000x\000\040\000A\000:\000\040\000P\000a\000p\000e\000r\000\040\000T\000a\000b\000l\000e\000\040\0001\000\040\000R\000e\000p\000l\000i\000c\000a\000t\000i\000o\000n}{appendix.1.A}% 20
\BOOKMARK [2][-]{subsection.1.A.2}{\376\377\000A\000p\000p\000e\000n\000d\000i\000x\000\040\000A\000:\000\040\000P\000a\000p\000e\000r\000\040\000T\000a\000b\000l\000e\000\040\0002\000\040\000R\000e\000p\000l\000i\000c\000a\000t\000i\000o\000n}{appendix.1.A}% 21
\BOOKMARK [2][-]{subsection.1.A.3}{\376\377\000A\000p\000p\000e\000n\000d\000i\000x\000\040\000A\000:\000\040\000D\000a\000t\000a\000\040\000P\000r\000o\000c\000e\000s\000s\000i\000n\000g\000\040\000D\000e\000s\000c\000r\000i\000p\000t\000i\000o\000n}{appendix.1.A}% 22
\BOOKMARK [2][-]{subsection.1.A.4}{\376\377\000A\000p\000p\000e\000n\000d\000i\000x\000\040\000A\000:\000\040\000G\000N\000I\000\040\000E\000x\000p\000l\000o\000r\000a\000t\000o\000r\000y\000\040\000C\000r\000o\000s\000s\000\040\000S\000e\000c\000t\000i\000o\000n\000\040\000P\000l\000o\000t}{appendix.1.A}% 23
\BOOKMARK [2][-]{subsection.1.A.5}{\376\377\000A\000p\000p\000e\000n\000d\000i\000x\000\040\000A\000:\000\040\000C\000r\000o\000s\000s\000\040\000S\000e\000c\000t\000i\000o\000n\000\040\000R\000e\000g\000r\000e\000s\000s\000i\000o\000n\000\040\000R\000e\000s\000u\000l\000t\000s\000\040\000A\000s\000s\000e\000t\000s\000/\000G\000D\000P}{appendix.1.A}% 24
\BOOKMARK [1][-]{appendix.1.B}{\376\377\000A\000p\000p\000e\000n\000d\000i\000x\000\040\000B\000:\000\040\000W\000i\000t\000h\000i\000n\000\040\000P\000a\000p\000e\000r\000\040\000E\000x\000t\000e\000n\000s\000i\000o\000n}{}% 25
\BOOKMARK [2][-]{subsection.1.B.1}{\376\377\000A\000p\000p\000e\000n\000d\000i\000x\000\040\000B\000:\000\040\000L\000o\000n\000g\000\040\000S\000a\000m\000p\000l\000e\000\040\000C\000r\000o\000s\000s\000\040\000S\000e\000c\000t\000i\000o\000n\000\040\000R\000e\000g\000r\000e\000s\000s\000i\000o\000n\000\040\000A\000s\000s\000e\000t\000s\000/\000G\000D\000P}{appendix.1.B}% 26
\BOOKMARK [2][-]{subsection.1.B.2}{\376\377\000A\000p\000p\000e\000n\000d\000i\000x\000\040\000B\000:\000\040\000B\000r\000o\000a\000d\000\040\000S\000a\000m\000p\000l\000e\000\040\000C\000o\000n\000s\000t\000r\000u\000c\000t\000i\000o\000n}{appendix.1.B}% 27
\BOOKMARK [2][-]{subsection.1.B.3}{\376\377\000A\000p\000p\000e\000n\000d\000i\000x\000\040\000B\000:\000\040\000B\000r\000o\000a\000d\000\040\000S\000a\000m\000p\000l\000e\000\040\000C\000r\000o\000s\000s\000\040\000S\000e\000c\000t\000i\000o\000n\000\040\000R\000e\000g\000r\000e\000s\000s\000i\000o\000n}{appendix.1.B}% 28
\BOOKMARK [1][-]{appendix.1.C}{\376\377\000A\000p\000p\000e\000n\000d\000i\000x\000\040\000C\000:\000\040\000E\000u\000r\000o\000z\000o\000n\000e\000\040\000C\000a\000s\000e\000\040\000S\000t\000u\000d\000y}{}% 29
\BOOKMARK [2][-]{subsection.1.C.1}{\376\377\000A\000p\000p\000e\000n\000d\000i\000x\000\040\000C\000:\000\040\000E\000u\000r\000o\000z\000o\000n\000e\000\040\000C\000r\000o\000s\000s\000\040\000S\000e\000c\000t\000i\000o\000n\000\040\000R\000e\000g\000r\000e\000s\000s\000i\000o\000n\000\040\000R\000e\000s\000u\000l\000t\000s\000\040\000A\000s\000s\000e\000t\000s\000/\000G\000D\000P}{appendix.1.C}% 30
\BOOKMARK [2][-]{subsection.1.C.2}{\376\377\000A\000p\000p\000e\000n\000d\000i\000x\000\040\000C\000:\000\040\000L\000u\000x\000e\000m\000b\000o\000u\000r\000g\000\040\000a\000n\000d\000\040\000I\000r\000e\000l\000a\000n\000d\000\040\000F\000u\000n\000d\000\040\000O\000w\000n\000e\000r\000s\000h\000i\000p}{appendix.1.C}% 31
\BOOKMARK [2][-]{subsection.1.C.3}{\376\377\000A\000p\000p\000e\000n\000d\000i\000x\000\040\000C\000:\000\040\000C\000o\000r\000r\000e\000c\000t\000e\000d\000\040\000F\000o\000r\000e\000i\000g\000n\000\040\000E\000q\000u\000i\000t\000y\000\040\000S\000h\000a\000r\000e\000s}{appendix.1.C}% 32
\BOOKMARK [2][-]{subsection.1.C.4}{\376\377\000A\000p\000p\000e\000n\000d\000i\000x\000\040\000C\000:\000\040\000W\000i\000t\000h\000i\000n\000\040\000G\000r\000o\000u\000p\000\040\000R\000o\000b\000u\000s\000t\000n\000e\000s\000s\000\040\000C\000h\000e\000c\000k\000\040\000a\000n\000d\000\040\000P\000a\000n\000e\000l\000\040\000R\000i\000s\000k\000\040\000S\000h\000a\000r\000i\000n\000g\000\040\000R\000e\000g\000r\000e\000s\000s\000i\000o\000n}{appendix.1.C}% 33
\BOOKMARK [2][-]{subsection.1.C.5}{\376\377\000A\000p\000p\000e\000n\000d\000i\000x\000\040\000C\000:\000\040\000C\000o\000r\000r\000e\000c\000t\000e\000d\000\040\000F\000o\000r\000e\000i\000g\000n\000\040\000E\000q\000u\000i\000t\000y\000\040\000S\000h\000a\000r\000e\000s}{appendix.1.C}% 34
