This is pdfTeX, Version 3.141592653-2.6-1.40.29 (MiKTeX 26.5) (preloaded format=pdflatex 2026.5.15)  25 MAY 2026 15:10
entering extended mode
 restricted \write18 enabled.
 file:line:error style messages enabled.
 %&-line parsing enabled.
**"c:/Users/felix/OneDrive/Dokumente/Felix/4_Studium/Master/Semester 2/Macroeconomics 3/Macro-term-paper/paper/gdp_gni_consumption.tex"
(c:/Users/felix/OneDrive/Dokumente/Felix/4_Studium/Master/Semester 2/Macroeconomics 3/Macro-term-paper/paper/gdp_gni_consumption.tex
LaTeX2e <2025-11-01>
L3 programming layer <2026-03-20>
(C:\Users\felix\AppData\Local\Programs\MiKTeX\tex/latex/base\article.cls
Document Class: article 2025/01/22 v1.4n Standard LaTeX document class
(C:\Users\felix\AppData\Local\Programs\MiKTeX\tex/latex/base\size10.clo
File: size10.clo 2025/01/22 v1.4n Standard LaTeX file (size option)
)
\c@part=\count275
\c@section=\count276
\c@subsection=\count277
\c@subsubsection=\count278
\c@paragraph=\count279
\c@subparagraph=\count280
\c@figure=\count281
\c@table=\count282
\abovecaptionskip=\skip49
\belowcaptionskip=\skip50
\bibindent=\dimen150
) (C:\Users\felix\AppData\Local\Programs\MiKTeX\tex/latex/booktabs\booktabs.sty
Package: booktabs 2020/01/12 v1.61803398 Publication quality tables
\heavyrulewidth=\dimen151
\lightrulewidth=\dimen152
\cmidrulewidth=\dimen153
\belowrulesep=\dimen154
\belowbottomsep=\dimen155
\aboverulesep=\dimen156
\abovetopsep=\dimen157
\cmidrulesep=\dimen158
\cmidrulekern=\dimen159
\defaultaddspace=\dimen160
\@cmidla=\count283
\@cmidlb=\count284
\@aboverulesep=\dimen161
\@belowrulesep=\dimen162
\@thisruleclass=\count285
\@lastruleclass=\count286
\@thisrulewidth=\dimen163
) (C:\Users\felix\AppData\Local\Programs\MiKTeX\tex/latex/geometry\geometry.sty
Package: geometry 2026/03/07 v6.0 Page Geometry
 (C:\Users\felix\AppData\Local\Programs\MiKTeX\tex/latex/graphics\keyval.sty
Package: keyval 2022/05/29 v1.15 key=value parser (DPC)
\KV@toks@=\toks17
) (C:\Users\felix\AppData\Local\Programs\MiKTeX\tex/generic/iftex\ifvtex.sty
Package: ifvtex 2019/10/25 v1.7 ifvtex legacy package. Use iftex instead.
 (C:\Users\felix\AppData\Local\Programs\MiKTeX\tex/generic/iftex\iftex.sty
Package: iftex 2024/12/12 v1.0g TeX engine tests
))
\Gm@cnth=\count287
\Gm@cntv=\count288
\c@Gm@tempcnt=\count289
\Gm@bindingoffset=\dimen164
\Gm@wd@mp=\dimen165
\Gm@odd@mp=\dimen166
\Gm@even@mp=\dimen167
\Gm@layoutwidth=\dimen168
\Gm@layoutheight=\dimen169
\Gm@layouthoffset=\dimen170
\Gm@layoutvoffset=\dimen171
\Gm@dimlist=\toks18
 (C:\Users\felix\AppData\Local\Programs\MiKTeX\tex/latex/geometry\geometry.cfg)) (C:\Users\felix\AppData\Local\Programs\MiKTeX\tex/latex/amsmath\amsmath.sty
Package: amsmath 2025/07/09 v2.17z AMS math features
\@mathmargin=\skip51

For additional information on amsmath, use the `?' option.
(C:\Users\felix\AppData\Local\Programs\MiKTeX\tex/latex/amsmath\amstext.sty
Package: amstext 2024/11/17 v2.01 AMS text
 (C:\Users\felix\AppData\Local\Programs\MiKTeX\tex/latex/amsmath\amsgen.sty
File: amsgen.sty 1999/11/30 v2.0 generic functions
\@emptytoks=\toks19
\ex@=\dimen172
)) (C:\Users\felix\AppData\Local\Programs\MiKTeX\tex/latex/amsmath\amsbsy.sty
Package: amsbsy 1999/11/29 v1.2d Bold Symbols
\pmbraise@=\dimen173
) (C:\Users\felix\AppData\Local\Programs\MiKTeX\tex/latex/amsmath\amsopn.sty
Package: amsopn 2022/04/08 v2.04 operator names
)
\inf@bad=\count290
LaTeX Info: Redefining \frac on input line 233.
\uproot@=\count291
\leftroot@=\count292
LaTeX Info: Redefining \overline on input line 398.
LaTeX Info: Redefining \colon on input line 409.
\classnum@=\count293
\DOTSCASE@=\count294
LaTeX Info: Redefining \ldots on input line 495.
LaTeX Info: Redefining \dots on input line 498.
LaTeX Info: Redefining \cdots on input line 619.
\Mathstrutbox@=\box53
\strutbox@=\box54
LaTeX Info: Redefining \big on input line 721.
LaTeX Info: Redefining \Big on input line 722.
LaTeX Info: Redefining \bigg on input line 723.
LaTeX Info: Redefining \Bigg on input line 724.
\big@size=\dimen174
LaTeX Font Info:    Redeclaring font encoding OML on input line 742.
LaTeX Font Info:    Redeclaring font encoding OMS on input line 743.
\macc@depth=\count295
LaTeX Info: Redefining \bmod on input line 904.
LaTeX Info: Redefining \pmod on input line 909.
LaTeX Info: Redefining \smash on input line 939.
LaTeX Info: Redefining \relbar on input line 969.
LaTeX Info: Redefining \Relbar on input line 970.
\c@MaxMatrixCols=\count296
\dotsspace@=\muskip17
\c@parentequation=\count297
\dspbrk@lvl=\count298
\tag@help=\toks20
\row@=\count299
\column@=\count300
\maxfields@=\count301
\andhelp@=\toks21
\eqnshift@=\dimen175
\alignsep@=\dimen176
\tagshift@=\dimen177
\tagwidth@=\dimen178
\totwidth@=\dimen179
\lineht@=\dimen180
\@envbody=\toks22
\multlinegap=\skip52
\multlinetaggap=\skip53
\mathdisplay@stack=\toks23
LaTeX Info: Redefining \[ on input line 2950.
LaTeX Info: Redefining \] on input line 2951.
) (C:\Users\felix\AppData\Local\Programs\MiKTeX\tex/latex/graphics\graphicx.sty
Package: graphicx 2024/12/31 v1.2e Enhanced LaTeX Graphics (DPC,SPQR)
 (C:\Users\felix\AppData\Local\Programs\MiKTeX\tex/latex/graphics\graphics.sty
Package: graphics 2024/08/06 v1.4g Standard LaTeX Graphics (DPC,SPQR)
 (C:\Users\felix\AppData\Local\Programs\MiKTeX\tex/latex/graphics\trig.sty
Package: trig 2023/12/02 v1.11 sin cos tan (DPC)
) (C:\Users\felix\AppData\Local\Programs\MiKTeX\tex/latex/graphics-cfg\graphics.cfg
File: graphics.cfg 2016/06/04 v1.11 sample graphics configuration
)
Package graphics Info: Driver file: pdftex.def on input line 106.
 (C:\Users\felix\AppData\Local\Programs\MiKTeX\tex/latex/graphics-def\pdftex.def
File: pdftex.def 2025/09/29 v1.2d Graphics/color driver for pdftex
))
\Gin@req@height=\dimen181
\Gin@req@width=\dimen182
) (C:\Users\felix\AppData\Local\Programs\MiKTeX\tex/latex/caption\subcaption.sty
Package: subcaption 2023/07/28 v1.6b Sub-captions (AR)
 (C:\Users\felix\AppData\Local\Programs\MiKTeX\tex/latex/caption\caption.sty
Package: caption 2023/08/05 v3.6o Customizing captions (AR)
 (C:\Users\felix\AppData\Local\Programs\MiKTeX\tex/latex/caption\caption3.sty
Package: caption3 2023/07/31 v2.4d caption3 kernel (AR)
\caption@tempdima=\dimen183
\captionmargin=\dimen184
\caption@leftmargin=\dimen185
\caption@rightmargin=\dimen186
\caption@width=\dimen187
\caption@indent=\dimen188
\caption@parindent=\dimen189
\caption@hangindent=\dimen190
Package caption Info: Standard document class detected.
)
\c@caption@flags=\count302
\c@continuedfloat=\count303
)
Package caption Info: New subtype `subfigure' on input line 238.
\c@subfigure=\count304
Package caption Info: New subtype `subtable' on input line 238.
\c@subtable=\count305
) (C:\Users\felix\AppData\Local\Programs\MiKTeX\tex/latex/l3backend\l3backend-pdftex.def
File: l3backend-pdftex.def 2026-02-18 L3 backend support: PDF output (pdfTeX)
\l__color_backend_stack_int=\count306
) (gdp_gni_consumption.aux)
\openout1 = `gdp_gni_consumption.aux'.

LaTeX Font Info:    Checking defaults for OML/cmm/m/it on input line 12.
LaTeX Font Info:    ... okay on input line 12.
LaTeX Font Info:    Checking defaults for OMS/cmsy/m/n on input line 12.
LaTeX Font Info:    ... okay on input line 12.
LaTeX Font Info:    Checking defaults for OT1/cmr/m/n on input line 12.
LaTeX Font Info:    ... okay on input line 12.
LaTeX Font Info:    Checking defaults for T1/cmr/m/n on input line 12.
LaTeX Font Info:    ... okay on input line 12.
LaTeX Font Info:    Checking defaults for TS1/cmr/m/n on input line 12.
LaTeX Font Info:    ... okay on input line 12.
LaTeX Font Info:    Checking defaults for OMX/cmex/m/n on input line 12.
LaTeX Font Info:    ... okay on input line 12.
LaTeX Font Info:    Checking defaults for U/cmr/m/n on input line 12.
LaTeX Font Info:    ... okay on input line 12.

*geometry* driver: auto-detecting
*geometry* detected driver: pdftex
*geometry* verbose mode - [ preamble ] result:
* driver: pdftex
* paper: <default>
* layout: <same size as paper>
* layoutoffset:(h,v)=(0.0pt,0.0pt)
* modes: 
* h-part:(L,W,R)=(72.26999pt, 469.75502pt, 72.26999pt)
* v-part:(T,H,B)=(72.26999pt, 650.43001pt, 72.26999pt)
* \paperwidth=614.295pt
* \paperheight=794.96999pt
* \textwidth=469.75502pt
* \textheight=650.43001pt
* \oddsidemargin=0.0pt
* \evensidemargin=0.0pt
* \topmargin=-37.0pt
* \headheight=12.0pt
* \headsep=25.0pt
* \topskip=10.0pt
* \footskip=30.0pt
* \marginparwidth=65.0pt
* \marginparsep=11.0pt
* \columnsep=10.0pt
* \skip\footins=9.0pt plus 4.0pt minus 2.0pt
* \hoffset=0.0pt
* \voffset=0.0pt
* \mag=1000
* \@twocolumnfalse
* \@twosidefalse
* \@mparswitchfalse
* \@reversemarginfalse
* (1in=72.27pt=25.4mm, 1cm=28.453pt)

(C:\Users\felix\AppData\Local\Programs\MiKTeX\tex/context/base/mkii\supp-pdf.mkii
[Loading MPS to PDF converter (version 2006.09.02).]
\scratchcounter=\count307
\scratchdimen=\dimen191
\scratchbox=\box55
\nofMPsegments=\count308
\nofMParguments=\count309
\everyMPshowfont=\toks24
\MPscratchCnt=\count310
\MPscratchDim=\dimen192
\MPnumerator=\count311
\makeMPintoPDFobject=\count312
\everyMPtoPDFconversion=\toks25
) (C:\Users\felix\AppData\Local\Programs\MiKTeX\tex/latex/epstopdf-pkg\epstopdf-base.sty
Package: epstopdf-base 2020-01-24 v2.11 Base part for package epstopdf
Package epstopdf-base Info: Redefining graphics rule for `.eps' on input line 485.
 (C:\Users\felix\AppData\Local\Programs\MiKTeX\tex/latex/00miktex\epstopdf-sys.cfg
File: epstopdf-sys.cfg 2021/03/18 v2.0 Configuration of epstopdf for MiKTeX
))
Package caption Info: Begin \AtBeginDocument code.
Package caption Info: End \AtBeginDocument code.
<../output/rs_cs_rep_c.pdf, id=1, 578.16pt x 433.62pt>
File: ../output/rs_cs_rep_c.pdf Graphic file (type pdf)
<use ../output/rs_cs_rep_c.pdf>
Package pdftex.def Info: ../output/rs_cs_rep_c.pdf  used on input line 20.
(pdftex.def)             Requested size: 469.75502pt x 352.31538pt.
<../output/rs_cs_rep_i.pdf, id=2, 578.16pt x 433.62pt>
File: ../output/rs_cs_rep_i.pdf Graphic file (type pdf)
<use ../output/rs_cs_rep_i.pdf>
Package pdftex.def Info: ../output/rs_cs_rep_i.pdf  used on input line 26.
(pdftex.def)             Requested size: 469.75502pt x 352.31538pt.
 [1

{C:/Users/felix/AppData/Local/MiKTeX/fonts/map/pdftex/pdftex.map} <../output/rs_cs_rep_c.pdf>] [2 <../output/rs_cs_rep_i.pdf>]
<../output/rs_cs_sanity_c.pdf, id=32, 578.16pt x 433.62pt>
File: ../output/rs_cs_sanity_c.pdf Graphic file (type pdf)
<use ../output/rs_cs_sanity_c.pdf>
Package pdftex.def Info: ../output/rs_cs_sanity_c.pdf  used on input line 35.
(pdftex.def)             Requested size: 469.75502pt x 352.31538pt.
<../output/rs_cs_sanity_i.pdf, id=33, 578.16pt x 433.62pt>
File: ../output/rs_cs_sanity_i.pdf Graphic file (type pdf)
<use ../output/rs_cs_sanity_i.pdf>
Package pdftex.def Info: ../output/rs_cs_sanity_i.pdf  used on input line 41.
(pdftex.def)             Requested size: 469.75502pt x 352.31538pt.
 [3 <../output/rs_cs_sanity_c.pdf>] [4 <../output/rs_cs_sanity_i.pdf>]
<../output/rs_cs_ext_1_c.pdf, id=58, 578.16pt x 433.62pt>
File: ../output/rs_cs_ext_1_c.pdf Graphic file (type pdf)
<use ../output/rs_cs_ext_1_c.pdf>
Package pdftex.def Info: ../output/rs_cs_ext_1_c.pdf  used on input line 52.
(pdftex.def)             Requested size: 469.75502pt x 352.31538pt.
<../output/rs_cs_ext_1_i.pdf, id=59, 578.16pt x 433.62pt>
File: ../output/rs_cs_ext_1_i.pdf Graphic file (type pdf)
<use ../output/rs_cs_ext_1_i.pdf>
Package pdftex.def Info: ../output/rs_cs_ext_1_i.pdf  used on input line 58.
(pdftex.def)             Requested size: 469.75502pt x 352.31538pt.
 [5 <../output/rs_cs_ext_1_c.pdf>] [6 <../output/rs_cs_ext_1_i.pdf>]
<../output/rs_cs_ext_2_c.pdf, id=84, 578.16pt x 433.62pt>
File: ../output/rs_cs_ext_2_c.pdf Graphic file (type pdf)
<use ../output/rs_cs_ext_2_c.pdf>
Package pdftex.def Info: ../output/rs_cs_ext_2_c.pdf  used on input line 68.
(pdftex.def)             Requested size: 469.75502pt x 352.31538pt.
<../output/rs_cs_ext_2_i.pdf, id=85, 578.16pt x 433.62pt>
File: ../output/rs_cs_ext_2_i.pdf Graphic file (type pdf)
<use ../output/rs_cs_ext_2_i.pdf>
Package pdftex.def Info: ../output/rs_cs_ext_2_i.pdf  used on input line 74.
(pdftex.def)             Requested size: 469.75502pt x 352.31538pt.
 [7 <../output/rs_cs_ext_2_c.pdf>] [8 <../output/rs_cs_ext_2_i.pdf>]
<../output/rs_cs_ext_3_c.pdf, id=111, 578.16pt x 433.62pt>
File: ../output/rs_cs_ext_3_c.pdf Graphic file (type pdf)
<use ../output/rs_cs_ext_3_c.pdf>
Package pdftex.def Info: ../output/rs_cs_ext_3_c.pdf  used on input line 84.
(pdftex.def)             Requested size: 469.75502pt x 352.31538pt.
<../output/rs_cs_ext_3_i.pdf, id=112, 578.16pt x 433.62pt>
File: ../output/rs_cs_ext_3_i.pdf Graphic file (type pdf)
<use ../output/rs_cs_ext_3_i.pdf>
Package pdftex.def Info: ../output/rs_cs_ext_3_i.pdf  used on input line 90.
(pdftex.def)             Requested size: 469.75502pt x 352.31538pt.
 [9 <../output/rs_cs_ext_3_c.pdf>] [10 <../output/rs_cs_ext_3_i.pdf>] (gdp_gni_consumption.aux)
 ***********
LaTeX2e <2025-11-01>
L3 programming layer <2026-03-20>
 ***********
 ) 
Here is how much of TeX's memory you used:
 4181 strings out of 467691
 72137 string characters out of 5414987
 478932 words of memory out of 5000000
 33233 multiletter control sequences out of 15000+600000
 632489 words of font info for 57 fonts, out of 8000000 for 9000
 1141 hyphenation exceptions out of 8191
 67i,7n,77p,426b,319s stack positions out of 10000i,1000n,20000p,200000b,200000s
<C:/Users/felix/AppData/Local/Programs/MiKTeX/fonts/type1/public/amsfonts/cm/cmbx12.pfb><C:/Users/felix/AppData/Local/Programs/MiKTeX/fonts/type1/public/amsfonts/cm/cmr10.pfb><C:/Users/felix/AppData/Local/Programs/MiKTeX/fonts/type1/public/amsfonts/cm/cmr12.pfb><C:/Users/felix/AppData/Local/Programs/MiKTeX/fonts/type1/public/amsfonts/cm/cmr17.pfb>
Output written on gdp_gni_consumption.pdf (10 pages, 146226 bytes).
PDF statistics:
 155 PDF objects out of 1000 (max. 8388607)
 0 named destinations out of 1000 (max. 500000)
 51 words of extra memory for PDF output out of 10000 (max. 10000000)

